// Jest Snapshot v1, https://goo.gl/fbAQLP

exports[`render demo button 1`] = `
<button class="demo-button">
</button>
`;
