// Jest Snapshot v1, https://goo.gl/fbAQLP

exports[`should render demo and match snapshot 1`] = `
<button>
  点击打开日历弹窗
</button>
`;
